
--- Checking Health ---
Health Status: 200
Health Response: {"status":"ok","service":"watchllm-proxy","timestamp":"2025-12-19T09:03:08.741Z","version":"1.0.0"}...

--- Request 1 ---
Status: 500
Time: 2517ms
Cache: MISS Γ¥î (COST INCURRED)
Request ID: 70a4c4fc-c874-48d4-ba16-23c76b9e5004
Full Response Body: {
  "error": {
    "message": "Provider error: 401 - {\n  \"error\": {\n    \"message\": \"Incorrect API key provided: sk-or-v1*************************************************************66fc. You can find your API key at https://platform.openai.com/account/api-keys.\",\n    \"type\": \"invalid_request_error\",\n    \"code\": \"invalid_api_key\",\n    \"param\": null\n  },\n  \"status\": 401\n}",
    "type": "api_error"
  }
}
Raw Text: {"error":{"message":"Provider error: 401 - {\n  \"error\": {\n    \"message\": \"Incorrect API key provided: sk-or-v1*************************************************************66fc. You can find your API key at https://platform.openai.com/account/api-keys.\",\n    \"type\": \"invalid_request_error\",\n    \"code\": \"invalid_api_key\",\n    \"param\": null\n  },\n  \"status\": 401\n}","type":"api_error"}}
Response: undefined

--- Request 2 ---
Status: 500
Time: 1735ms
Cache: MISS Γ¥î (COST INCURRED)
Request ID: c1c5db9a-40b7-41f1-b5e4-b14234345315
Full Response Body: {
  "error": {
    "message": "Provider error: 401 - {\n  \"error\": {\n    \"message\": \"Incorrect API key provided: sk-or-v1*************************************************************66fc. You can find your API key at https://platform.openai.com/account/api-keys.\",\n    \"type\": \"invalid_request_error\",\n    \"code\": \"invalid_api_key\",\n    \"param\": null\n  },\n  \"status\": 401\n}",
    "type": "api_error"
  }
}
Raw Text: {"error":{"message":"Provider error: 401 - {\n  \"error\": {\n    \"message\": \"Incorrect API key provided: sk-or-v1*************************************************************66fc. You can find your API key at https://platform.openai.com/account/api-keys.\",\n    \"type\": \"invalid_request_error\",\n    \"code\": \"invalid_api_key\",\n    \"param\": null\n  },\n  \"status\": 401\n}","type":"api_error"}}
Response: undefined

--- Request 3 ---
Status: 500
Time: 1596ms
Cache: MISS Γ¥î (COST INCURRED)
Request ID: 765ab4be-c7ed-4cbd-a75f-09a5dbc06fbd
Full Response Body: {
  "error": {
    "message": "Provider error: 401 - {\n  \"error\": {\n    \"message\": \"Incorrect API key provided: sk-or-v1*************************************************************66fc. You can find your API key at https://platform.openai.com/account/api-keys.\",\n    \"type\": \"invalid_request_error\",\n    \"code\": \"invalid_api_key\",\n    \"param\": null\n  },\n  \"status\": 401\n}",
    "type": "api_error"
  }
}
Raw Text: {"error":{"message":"Provider error: 401 - {\n  \"error\": {\n    \"message\": \"Incorrect API key provided: sk-or-v1*************************************************************66fc. You can find your API key at https://platform.openai.com/account/api-keys.\",\n    \"type\": \"invalid_request_error\",\n    \"code\": \"invalid_api_key\",\n    \"param\": null\n  },\n  \"status\": 401\n}","type":"api_error"}}
Response: undefined



You are the marketing engineer of WatchLLM
As a non-marketing guy who has fairly new accounts on X and Reddit
I will post only what you tell me to post 
The goal is to get free users to use the app, even if just for time-pass
There need to be enough 'bounce prevention mechanisms' in place to prevent users from leaving the app after using it for a few minutes

Second prompt:
You are the Final review engineer of WatchLLM
Currently, i dont think the docs page has been properly routed, for this reason kindly check the docs page and make sure it is properly routed
Check if all the docs are sufficient and suggest me some way by which i can remove all the emojis in the docs, to make them liek most production ready docs
